# Excerpt of the S2 MambaCSP-plateau training log (run MAMBA64CONV_C).
#
# Source file : logs/s2_mamba64conv.log on the training host
# Source size : 74,793,442 bytes
# Source SHA256: 2b9c4adad81b86cf5d59056af91d2751d39645d8be83e0b64e920ca138e29991
# The full log is predominantly tool progress bars; this excerpt carries
# every validation-loss improvement event plus the trailing epochs.
#
# Best checkpoint on the training host (filename carries the epoch):
#   z_artifacts/outputs/sweep/MAMBA64CONV/2026-09-16_13-48-47/ckpts/
#     epoch=093-step=071440-val_loss=0.139635.ckpt

# --- validation-loss improvements (line, epoch, new best) ---
line    6854  epoch   0  val_loss 0.313000
line   13619  epoch   1  val_loss 0.252000
line   20384  epoch   2  val_loss 0.230000
line   27149  epoch   3  val_loss 0.222000
line   33914  epoch   4  val_loss 0.214000
line   40679  epoch   5  val_loss 0.205000
line   47444  epoch   6  val_loss 0.202000
line   54209  epoch   7  val_loss 0.201000
line   67738  epoch   9  val_loss 0.189000
line   74503  epoch  10  val_loss 0.185000
line   94796  epoch  13  val_loss 0.178000
line  101561  epoch  14  val_loss 0.177000
line  128618  epoch  18  val_loss 0.176000
line  148911  epoch  21  val_loss 0.173000
line  169204  epoch  24  val_loss 0.163000
line  209789  epoch  30  val_loss 0.159000
line  216554  epoch  31  val_loss 0.154000
line  263903  epoch  38  val_loss 0.145000
line  284196  epoch  41  val_loss 0.145000
line  324781  epoch  47  val_loss 0.142000
line  331546  epoch  48  val_loss 0.142000
line  378895  epoch  55  val_loss 0.140000
line  635928  epoch  93  val_loss 0.140000

# last improvement: epoch 93
# --- trailing epochs (no improvement between epoch 94 and the stop) ---
epoch  94  final val_loss 0.140000
epoch  95  final val_loss 0.140000
epoch  96  final val_loss 0.140000
epoch  97  final val_loss 0.140000
epoch  98  final val_loss 0.140000
epoch  99  final val_loss 0.140000
epoch 100  final val_loss 0.140000
